// Jest Snapshot v1, https://goo.gl/fbAQLP

exports[`Spinner renders correctly equals with snapshot 1`] = `
<renderSpinner>
  <div
    className="fulfilling-bouncing-circle-spinner"
  >
    <div
      className="circle"
    />
    <div
      className="orbit"
    />
  </div>
</renderSpinner>
`;
